Γùç injected env (8) from .env // tip: Γîÿ multiple files { path: ['.env.local', '.env'] }
Loaded 10000 candidates from DB. Calling FastAPI...
